EMBARGOS DE DECLARAÇÃO. RECURSO ORDINÁRIO EM MANDADO DE SEGURANÇA. TEMA 947 DA TABELA

DE REPERCUSSÃO GERAL. ORGANISMO INTERNACIONAL. IMUNIDADE DE JURISDIÇÃO. MATÉRIA ACOBERTADA

PELO MANTO DA COISA JULGADA. SÚMULAS 343 DO STF E 33 DO TST. ORIENTAÇÕES JURISPRUDENCIAIS

N. 92 E 99 DA SBDI-2. JUÍZO DE RETRATAÇÃO NÃO EXERCIDO.

Hipótese em que a impetrante pretende o reexame da matéria e a reforma do julgado, o que é

inviável em sede de embargos de declaração, nos termos dos artigos 1.022 do CPC e 897-A da

CLT.

Embargos de declaração rejeitados.