AGRAVO. RECURSO EXTRAORDINÁRIO DENEGADO. VÍNCULO DE EMPREGO COM A TOMADORA DE SERVIÇOS.

TEMA 725 DO STF. NÃO APLICAÇÃO. DISTINÇÃO

.

FRAUDE. SUBORDINAÇÃO DIRETA EVIDENCIADA PELO TRIBUNAL REGIONAL. APLICAÇÃO DO TEMA 660

DO EMENTÁRIO DE REPERCUSSÃO GERAL DO STF. DESPROVIMENTO.

A

gravo Interno interposto em face de decisão por meio da qual se denegou seguimento ao

recurso extraordinário. A questão referente à terceirização de serviços para a consecução

da atividade fim da empresa foi objeto da ADPF 324 julgada simultaneamente com o RE

958.252/MG, do qual resultou o Tema 725 da Tabela de Repercussão Geral, com o mérito

julgado em 30/08/2018, acórdão publicado em 13/09/2019 e trânsito em julgado em

15/10/2024. Na ADPF 324 foi fixada a seguinte tese: "

1. É lícita a terceirização de toda e qualquer atividade, meio ou fim, não se

configurando relação de emprego entre a contratante e o empregado da contratada. 2. Na

terceirização, compete à contratante: i) verificar a idoneidade e a capacidade econômica

da terceirizada; e ii) responder subsidiariamente pelo descumprimento das normas

trabalhistas, bem como por obrigações previdenciárias, na forma do art. 31 da Lei

8.212/1993

". Referida tese foi consolidada no Tema 725 de seguinte teor: "

É lícita a terceirização ou qualquer outra forma de divisão do trabalho entre

pessoas jurídicas distintas, independentemente do objeto social das empresas envolvidas,

mantida a responsabilidade subsidiária da empresa contratante

". Importante destacar que a Suprema Corte, no acórdão dos embargos de declaração no RE

958.252, publicado no dia 24/08/2022, modulou os efeitos do julgamento para "

assentar a aplicabilidade dos efeitos da tese jurídica fixada apenas aos processos

que ainda estavam em curso na data da conclusão do julgado (30/08/2018), restando obstado

o ajuizamento de ações rescisórias contra decisões transitadas em julgado antes da

mencionada data que tenham a Súmula 331 do TST por fundamento, mantidos todos os demais

termos do acórdão embargado

". Esclareceu, também, por meio do acórdão em embargos de declaração, publicado no DJe

no dia 11/03/2024, que os "

valores que tenham sido recebidos de boa-fé pelos trabalhadores não deverão ser

restituídos, ficando prejudicada a discussão relativamente à possibilidade de ajuizamento

de ação rescisória, tendo em vista já haver transcorrido o prazo para propositura, cujo

termo inicial foi o trânsito em julgado da ADPF 324

" (28/09/2021). No caso dos autos, o Tribunal Regional, ao reconhecer a existência de

responsabilidade da Parte Reclamada pautou-se na análise do contexto fático-probatório

descrito nos autos. É que ficaram demonstrados, nos autos, a presença dos elementos

caracterizadores do vínculo de emprego e a utilização de artifício fraudulento para

mascarar a relação jurídica entre as empresas. Verifica-se, portanto, que o debate é

diverso e que a decisão não está fundada na discussão acerca da terceirização – Tema 725.

Ressalte-se que, em casos similares, envolvendo o reconhecimento de vínculo da empresa

contratante em razão de fraude na intermediação da mão de obra o e. STF já se manifestou

registrando a não aderência ao Tema nº 725.

Ademais, o Supremo Tribunal Federal consolidou o entendimento de que o recurso

extraordinário não merece seguimento,

por ausência de repercussão geral

, quando a controvérsia debatida se referir aos princípios constitucionais do

contraditório, da ampla defesa, do devido processo legal ou aos limites da coisa julgada e

o julgamento demandar o prévio exame da adequada utilização dos dispositivos

infraconstitucionais. A tese fixada pelo STF –

Tema 660

do ementário temático de repercussão geral – é a de que inexiste repercussão geral quanto

à "

Violação dos princípios do contraditório e da ampla defesa quando o julgamento da causa

depender de prévia análise da adequada aplicação das normas infraconstitucionais. Extensão

do entendimento ao princípio do devido processo legal e aos limites da coisa julgada

", entendimento consubstanciado no processo ARE-748371, da relatoria do Exmo. Min. Gilmar

Mendes, DJe de 1°/8/2013. A decisão agravada, portanto, foi proferida em estrita

observância às normas processuais (arts. 1.030, I, "a", e 1.035, § 8º, do CPC/2015), razão

pela qual é insuscetível de reforma ou reconsideração.

Agravo desprovido.