PROCESSUAL CIVIL. AGRAVO INTERNO NA PETIÇÃO NO AGRAVO EM RECURSO ESPECIAL. AUSÊNCIA DE IMPUGNAÇÃO ESPECÍFICA DOS FUNDAMENTOS DA DECISÃO AGRAVADA. ART. 1.021, § 1º, DO CPC/2015; E SÚMULA 182/STJ. AGRAVO INTERNO NÃO CONHECIDO. 1. A decisão agravada não conheceu do recurso especial, em face da incidência das Súmulas 283 e 284/STF, por analogia; e Súmula 7/STJ. 2. Nos termos do art. 1.021, § 1º, do CPC/2015; e da Súmula 182/STJ, a parte agravante deve infirmar, especificamente, nas razões do agravo interno, os fundamentos da decisão atacada, sob pena de não ser conhecido o seu recurso. 3. Agravo interno não conhecido.