EMENTA: AGRAVO REGIMENTAL NO RECURSO EXTRAORDINÁRIO. LEI 4.117/1962. RECEPÇÃO PELA CONSTITUIÇÃO DE 1988. CONSTITUCIONALIDADE DA TRANSMISSÃO OBRIGATÓRIA DO PROGRAMA “A VOZ DO BRASIL”. 


I – O Plenário do STF, ao julgar a ADI 561-MC/DF, Rel. Min. Celso de Mello, decidiu que a Lei 4.117/1962 – que prevê a obrigatoriedade de transmissão do programa “A Voz do Brasil” – foi recepcionada pela Constituição Federal. Precedentes. 




II – Agravo regimental improvido.